ERROR: FORMAL_SPATIAL_READ_LANE_FAIL: known canonical provider binds in actual scope
   at: push_error (core/variant/variant_utility.cpp:1023)
   GDScript backtrace (most recent call first):
       [0] _check (res://tests/formal_spatial_read_lane_contract_20261009.gd:37)
       [1] _run_contract (res://tests/formal_spatial_read_lane_contract_20261009.gd:86)
       [2] _ready (res://tests/formal_spatial_read_lane_contract_20261009.gd:23)
ERROR: FORMAL_SPATIAL_READ_LANE_FAIL: nonfinite candidate is excluded without resurrecting old position
   at: push_error (core/variant/variant_utility.cpp:1023)
   GDScript backtrace (most recent call first):
       [0] _check (res://tests/formal_spatial_read_lane_contract_20261009.gd:37)
       [1] _run_contract (res://tests/formal_spatial_read_lane_contract_20261009.gd:162)
       [2] _ready (res://tests/formal_spatial_read_lane_contract_20261009.gd:23)
ERROR: FORMAL_SPATIAL_READ_LANE_FAIL: canonical binding reacquires after override scope
   at: push_error (core/variant/variant_utility.cpp:1023)
   GDScript backtrace (most recent call first):
       [0] _check (res://tests/formal_spatial_read_lane_contract_20261009.gd:37)
       [1] _run_contract (res://tests/formal_spatial_read_lane_contract_20261009.gd:217)
       [2] _ready (res://tests/formal_spatial_read_lane_contract_20261009.gd:23)
ERROR: FORMAL_SPATIAL_READ_LANE_FAIL: candidate map domain change is visible same frame
   at: push_error (core/variant/variant_utility.cpp:1023)
   GDScript backtrace (most recent call first):
       [0] _check (res://tests/formal_spatial_read_lane_contract_20261009.gd:37)
       [1] _run_contract (res://tests/formal_spatial_read_lane_contract_20261009.gd:254)
       [2] _ready (res://tests/formal_spatial_read_lane_contract_20261009.gd:23)
WARNING: 1 RID of type "CanvasItem" was leaked.
   at: _free_rids (servers/rendering/renderer_canvas_cull.cpp:2733)
WARNING: 3 ObjectDB instances were leaked at exit (run with `--verbose` for details).
   at: cleanup (core/object/object.cpp:2535)
ERROR: 1 resources still in use at exit (run with --verbose for details).
   at: clear (core/io/resource.cpp:822)
