[PASS] t6_real_load_probe
RUNNER_RESULTS_JSON=C:\Users\Administrator\Documents\HardCore\docs\monster_combat_r4\sol_takeover\evidence\native_t6_large_pets30_1b74_20260928_0604\large_pets-30-AA-1-BASE\runner\runner_results_adhoc_20260928_060714_147_2468.json
TEST_SUMMARY suite=adhoc passed=1 failed=0 engine_log_errors=0
T6_SAMPLE_COMPLETE large_pets-30-AA-1-BASE
[PASS] t6_real_load_probe
RUNNER_RESULTS_JSON=C:\Users\Administrator\Documents\HardCore\docs\monster_combat_r4\sol_takeover\evidence\native_t6_large_pets30_1b74_20260928_0604\large_pets-30-AA-2-BASE\runner\runner_results_adhoc_20260928_060738_399_2468.json
TEST_SUMMARY suite=adhoc passed=1 failed=0 engine_log_errors=0
T6_SAMPLE_COMPLETE large_pets-30-AA-2-BASE
[PASS] t6_real_load_probe
RUNNER_RESULTS_JSON=C:\Users\Administrator\Documents\HardCore\docs\monster_combat_r4\sol_takeover\evidence\native_t6_large_pets30_1b74_20260928_0604\large_pets-30-AB-1-BASE\runner\runner_results_adhoc_20260928_060802_548_2468.json
TEST_SUMMARY suite=adhoc passed=1 failed=0 engine_log_errors=0
T6_SAMPLE_COMPLETE large_pets-30-AB-1-BASE
[PASS] t6_real_load_probe
RUNNER_RESULTS_JSON=C:\Users\Administrator\Documents\HardCore\docs\monster_combat_r4\sol_takeover\evidence\native_t6_large_pets30_1b74_20260928_0604\large_pets-30-AB-1-CAND\runner\runner_results_adhoc_20260928_060826_552_2468.json
TEST_SUMMARY suite=adhoc passed=1 failed=0 engine_log_errors=0
T6_SAMPLE_COMPLETE large_pets-30-AB-1-CAND
[PASS] t6_real_load_probe
RUNNER_RESULTS_JSON=C:\Users\Administrator\Documents\HardCore\docs\monster_combat_r4\sol_takeover\evidence\native_t6_large_pets30_1b74_20260928_0604\large_pets-30-AB-2-CAND\runner\runner_results_adhoc_20260928_060850_312_2468.json
TEST_SUMMARY suite=adhoc passed=1 failed=0 engine_log_errors=0
T6_SAMPLE_COMPLETE large_pets-30-AB-2-CAND
[PASS] t6_real_load_probe
RUNNER_RESULTS_JSON=C:\Users\Administrator\Documents\HardCore\docs\monster_combat_r4\sol_takeover\evidence\native_t6_large_pets30_1b74_20260928_0604\large_pets-30-AB-2-BASE\runner\runner_results_adhoc_20260928_060914_257_2468.json
TEST_SUMMARY suite=adhoc passed=1 failed=0 engine_log_errors=0
T6_SAMPLE_COMPLETE large_pets-30-AB-2-BASE
[PASS] t6_real_load_probe
RUNNER_RESULTS_JSON=C:\Users\Administrator\Documents\HardCore\docs\monster_combat_r4\sol_takeover\evidence\native_t6_large_pets30_1b74_20260928_0604\large_pets-30-AB-3-BASE\runner\runner_results_adhoc_20260928_060938_339_2468.json
TEST_SUMMARY suite=adhoc passed=1 failed=0 engine_log_errors=0
T6_SAMPLE_COMPLETE large_pets-30-AB-3-BASE
[PASS] t6_real_load_probe
RUNNER_RESULTS_JSON=C:\Users\Administrator\Documents\HardCore\docs\monster_combat_r4\sol_takeover\evidence\native_t6_large_pets30_1b74_20260928_0604\large_pets-30-AB-3-CAND\runner\runner_results_adhoc_20260928_061002_320_2468.json
TEST_SUMMARY suite=adhoc passed=1 failed=0 engine_log_errors=0
T6_SAMPLE_COMPLETE large_pets-30-AB-3-CAND
T6_PAIR_MATRIX_COMPLETE runs=8
