DPV2_V5_SOURCE monster=141 name=邪恶毒蛇
DPV2_V5_SOURCE monster=18 name=毒蜘蛛
DPV2_V5_SOURCE monster=19 name=蛤蟆
DPV2_V5_SOURCE monster=21 name=稻草人
DPV2_V5_SOURCE monster=24 name=多钩猫
DPV2_V5_SOURCE monster=26 name=钉耙猫
DPV2_V5_SOURCE monster=28 name=森林雪人
DPV2_V5_SOURCE monster=30 name=食人花
DPV2_V5_SOURCE monster=31 name=多钩猫王
DPV2_V5_SOURCE monster=32 name=钉耙猫王
DPV2_V5_SOURCE monster=34 name=半兽人
DPV2_V5_SOURCE monster=36 name=半兽战士
DPV2_V5_SOURCE monster=38 name=半兽勇士
DPV2_V5_SOURCE monster=39 name=半兽勇士1
DPV2_V5_SOURCE monster=41 name=半兽勇士9
DPV2_V5_SOURCE monster=42 name=半兽统领
DPV2_V5_SOURCE monster=43 name=山洞蝙蝠
DPV2_V5_SOURCE monster=45 name=蝎子
DPV2_V5_SOURCE monster=46 name=洞蛆
DPV2_V5_SOURCE monster=47 name=骷髅
DPV2_V5_SOURCE monster=50 name=掷斧骷髅
DPV2_V5_SOURCE monster=52 name=骷髅战士
DPV2_V5_SOURCE monster=54 name=骷髅战将
DPV2_V5_SOURCE monster=55 name=骷髅战将0
DPV2_V5_SOURCE monster=56 name=骷髅精灵
DPV2_V5_SOURCE monster=57 name=骷髅精灵1
DPV2_V5_SOURCE monster=60 name=粪虫
DPV2_V5_SOURCE monster=62 name=暗黑战士
DPV2_V5_SOURCE monster=64 name=沃玛战士
DPV2_V5_SOURCE monster=66 name=沃玛勇士
DPV2_V5_SOURCE monster=68 name=沃玛战将
DPV2_V5_SOURCE monster=70 name=火焰沃玛
DPV2_V5_SOURCE monster=73 name=沃玛卫士
DPV2_V5_SOURCE monster=74 name=沃玛卫士1
DPV2_V5_SOURCE monster=75 name=沃玛卫士2
DPV2_V5_SOURCE monster=76 name=沃玛教主
DPV2_V5_SOURCE monster=77 name=沃玛教主1
DPV2_V5_SOURCE monster=79 name=僵尸1
DPV2_V5_SOURCE monster=81 name=僵尸2
DPV2_V5_SOURCE monster=83 name=僵尸3
DPV2_V5_SOURCE monster=85 name=僵尸4
DPV2_V5_SOURCE monster=87 name=僵尸5
DPV2_V5_SOURCE monster=89 name=尸王
DPV2_V5_SOURCE monster=90 name=尸王1
DPV2_V5_SOURCE monster=91 name=尸王2
DPV2_V5_SOURCE monster=92 name=红蛇
DPV2_V5_SOURCE monster=94 name=虎蛇
DPV2_V5_SOURCE monster=96 name=羊
DPV2_V5_SOURCE monster=97 name=猎鹰
DPV2_V5_SOURCE monster=100 name=狼
DPV2_V5_SOURCE monster=101 name=盔甲虫
DPV2_V5_SOURCE monster=103 name=威思而小虫
DPV2_V5_SOURCE monster=104 name=沙虫
DPV2_V5_SOURCE monster=105 name=多角虫
DPV2_V5_SOURCE monster=107 name=巨型多角虫
DPV2_V5_SOURCE monster=110 name=蜈蚣
DPV2_V5_SOURCE monster=112 name=黑色恶蛆
DPV2_V5_SOURCE monster=114 name=跳跳蜂
DPV2_V5_SOURCE monster=116 name=巨型蠕虫
DPV2_V5_SOURCE monster=118 name=钳虫
DPV2_V5_SOURCE monster=120 name=邪恶钳虫
DPV2_V5_SOURCE monster=121 name=邪恶钳虫1
DPV2_V5_SOURCE monster=122 name=邪恶钳虫2
DPV2_V5_SOURCE monster=123 name=邪恶钳虫9
DPV2_V5_SOURCE monster=124 name=触龙神
DPV2_V5_SOURCE monster=126 name=角蝇
DPV2_V5_SOURCE monster=127 name=蝙蝠
DPV2_V5_SOURCE monster=128 name=楔蛾
DPV2_V5_SOURCE monster=129 name=红野猪
DPV2_V5_SOURCE monster=131 name=红野猪3
DPV2_V5_SOURCE monster=132 name=黑野猪
DPV2_V5_SOURCE monster=133 name=黑野猪0
DPV2_V5_SOURCE monster=134 name=黑野猪3
DPV2_V5_SOURCE monster=135 name=白野猪
DPV2_V5_SOURCE monster=136 name=白野猪0
DPV2_V5_SOURCE monster=137 name=白野猪1
DPV2_V5_SOURCE monster=138 name=蝎蛇
DPV2_V5_SOURCE monster=140 name=蝎蛇3
DPV2_V5_SOURCE monster=142 name=邪恶毒蛇1
DPV2_V5_SOURCE monster=143 name=石墓尸王
DPV2_V5_SOURCE monster=144 name=蜜蜂
DPV2_V5_SOURCE monster=148 name=大老鼠
DPV2_V5_SOURCE monster=150 name=祖玛弓箭手
DPV2_V5_SOURCE monster=152 name=祖玛弓箭手3
DPV2_V5_SOURCE monster=153 name=祖玛雕像
DPV2_V5_SOURCE monster=155 name=祖玛雕像3
DPV2_V5_SOURCE monster=156 name=祖玛卫士
DPV2_V5_SOURCE monster=157 name=祖玛卫士0
DPV2_V5_SOURCE monster=158 name=祖玛卫士3
DPV2_V5_SOURCE monster=159 name=祖玛卫士00
DPV2_V5_SOURCE monster=160 name=祖玛教主
DPV2_V5_SOURCE monster=162 name=双头血魔
DPV2_V5_SOURCE monster=163 name=双头金刚
DPV2_V5_SOURCE monster=164 name=血巨人
DPV2_V5_SOURCE monster=166 name=血僵尸
DPV2_V5_SOURCE monster=168 name=月魔蜘蛛
DPV2_V5_SOURCE monster=170 name=黑锷蜘蛛
DPV2_V5_SOURCE monster=172 name=钢牙蜘蛛
DPV2_V5_SOURCE monster=174 name=暴牙蜘蛛
DPV2_V5_SOURCE monster=176 name=天狼蜘蛛
DPV2_V5_SOURCE monster=178 name=花吻蜘蛛
DPV2_V5_SOURCE monster=180 name=赤月恶魔
DPV2_V5_SOURCE monster=182 name=幻影蜘蛛
DPV2_V5_SOURCE monster=185 name=剧毒蜘蛛
DPV2_V5_SOURCE monster=188 name=虹魔猪卫
DPV2_V5_SOURCE monster=189 name=虹魔猪卫0
DPV2_V5_SOURCE monster=190 name=虹魔猪卫9
DPV2_V5_SOURCE monster=191 name=虹魔蝎卫
DPV2_V5_SOURCE monster=192 name=虹魔蝎卫0
DPV2_V5_SOURCE monster=193 name=虹魔教主
DPV2_V5_SOURCE monster=195 name=千年树妖
DPV2_V5_SOURCE monster=196 name=恶灵僵尸
DPV2_V5_SOURCE monster=198 name=恶灵尸王
DPV2_V5_SOURCE monster=199 name=恶灵尸王0
DPV2_V5_SOURCE monster=200 name=骷髅锤兵
DPV2_V5_SOURCE monster=202 name=骷髅长枪兵
DPV2_V5_SOURCE monster=204 name=骷髅刀斧手
DPV2_V5_SOURCE monster=206 name=骷髅弓箭手
DPV2_V5_SOURCE monster=208 name=黄泉教主
DPV2_V5_SOURCE monster=209 name=黄泉教主0
DPV2_V5_SOURCE monster=210 name=牛头魔
DPV2_V5_SOURCE monster=212 name=牛魔战士
DPV2_V5_SOURCE monster=214 name=牛魔斗士
DPV2_V5_SOURCE monster=216 name=牛魔侍卫
DPV2_V5_SOURCE monster=218 name=牛魔将军
DPV2_V5_SOURCE monster=220 name=牛魔法师
DPV2_V5_SOURCE monster=222 name=牛魔祭司
DPV2_V5_SOURCE monster=224 name=牛魔王
DPV2_V5_SOURCE monster=226 name=宝箱
DPV2_V5_SOURCE monster=227 name=宝箱1
DPV2_V5_SOURCE monster=228 name=宝箱2
DPV2_V5_SOURCE monster=229 name=宝箱3
DPV2_V5_SOURCE monster=230 name=宝箱4
DPV2_V5_SOURCE monster=231 name=宝箱5
DPV2_V5_SOURCE monster=232 name=宝箱6
DPV2_V5_SOURCE monster=233 name=宝箱7
DPV2_V5_SOURCE monster=234 name=宝箱8
DPV2_V5_SOURCE monster=235 name=暗之双头血魔
DPV2_V5_SOURCE monster=236 name=暗之双头金刚
DPV2_V5_SOURCE monster=237 name=暗之黄泉教主
DPV2_V5_SOURCE monster=238 name=暗之骷髅精灵
DPV2_V5_SOURCE monster=239 name=暗之沃玛教主
DPV2_V5_SOURCE monster=240 name=暗之虹魔教主
