Godot Engine v4.7.stable.official.5b4e0cb0f - https://godotengine.org

[   0% ] first_scan_filesystem | Started 项目初始化 (5 steps)
[   0% ] first_scan_filesystem | 正在扫描文件结构……
[  16% ] first_scan_filesystem | 正在加载全局类名……
[  33% ] first_scan_filesystem | 正在校验 GDExtension……
[  50% ] first_scan_filesystem | 正在创建自动加载脚本……
[  66% ] first_scan_filesystem | 正在初始化插件……
[  83% ] first_scan_filesystem | 正在启动文件扫描……
[ DONE ] first_scan_filesystem

[   0% ] update_scripts_classes | Started 正在注册全局类…… (27 steps)
[   0% ] update_scripts_classes | MapEditorConnectionPolicyService
[   3% ] update_scripts_classes | MapEditorRuntimeMapService
[   7% ] update_scripts_classes | MapPortalRuntimeService
[  10% ] update_scripts_classes | 
[  14% ] update_scripts_classes | 
[  17% ] update_scripts_classes | 
[  21% ] update_scripts_classes | 
[  25% ] update_scripts_classes | 
[  28% ] update_scripts_classes | WorldClockDelta
[  32% ] update_scripts_classes | WorldMonsterClockLedger
[  35% ] update_scripts_classes | 
[  39% ] update_scripts_classes | 
[  42% ] update_scripts_classes | 
[  46% ] update_scripts_classes | 
[  50% ] update_scripts_classes | 
[  53% ] update_scripts_classes | 
[  57% ] update_scripts_classes | 
[  60% ] update_scripts_classes | 
[  64% ] update_scripts_classes | 
[  67% ] update_scripts_classes | 
[  71% ] update_scripts_classes | 
[  75% ] update_scripts_classes | 
[  78% ] update_scripts_classes | 
[  82% ] update_scripts_classes | 
[  85% ] update_scripts_classes | 
[  89% ] update_scripts_classes | 
[  92% ] update_scripts_classes | 
[ DONE ] update_scripts_classes

[   0% ] loading_editor_layout | Started 正在加载编辑器 (5 steps)
[   0% ] loading_editor_layout | 正在加载编辑器布局……
[  16% ] loading_editor_layout | 正在加载停靠面板……
[ DONE ] loading_editor_layout

