Godot Engine v4.7.stable.official.5b4e0cb0f - https://godotengine.org

数据库载入完成：地图209 怪物156 Boss20 装备175 技能等级132 掉落槽3424 任务9
AUDIT PASS: sector side-body intersection
AUDIT PASS: sector outside body misses
AUDIT PASS: sector finite radial length
AUDIT PASS: sector NaN angle rejected
AUDIT PASS: valid V2 rectangle accepted
AUDIT PASS: V1 with absolute fields cannot enter STRICT_V2
AUDIT PASS: missing release ID rejected
AUDIT PASS: directed rectangle manager uses full bounds
AUDIT PASS: capsule analytic broadphase bounds
AUDIT PASS: all union polygon members validated
AUDIT PASS: registry target full-object splice
AUDIT PASS: unrelated registry bytes preserved
AUDIT PASS: new geometry/portals not only hashes
AUDIT PASS: unrelated semantic edit refused
AUDIT PASS: old token cannot clear new pending
AUDIT PASS: invalid current job clears owner pending
AUDIT PASS: lazy rehome synchronizes indexed position
AUDIT PASS: nonfinite update preserves last valid position
AUDIT PASS: invalid reregister does not remove valid actor
AUDIT PASS: claim GC not repeated on each hit
AUDIT PASS: claim GC eventually removes expired key
AUDIT PASS: consume returns failure on save failure
AUDIT PASS: consume restores inventory
AUDIT PASS: sort reports failed save
AUDIT PASS: sort rollback keeps deep quantities 10+20, not 30+20
AUDIT_RESULT checks=25 failures=0
AUDIT_39FE_PASS
