[PASS] t6_real_load_probe
RUNNER_RESULTS_JSON=C:\Users\Administrator\Documents\HardCore\docs\monster_combat_r4\sol_takeover\evidence\native_t6_small30_1b74_20260928_0604\small-30-AA-1-BASE\runner\runner_results_adhoc_20260928_060359_805_23024.json
TEST_SUMMARY suite=adhoc passed=1 failed=0 engine_log_errors=0
T6_SAMPLE_COMPLETE small-30-AA-1-BASE
[PASS] t6_real_load_probe
RUNNER_RESULTS_JSON=C:\Users\Administrator\Documents\HardCore\docs\monster_combat_r4\sol_takeover\evidence\native_t6_small30_1b74_20260928_0604\small-30-AA-2-BASE\runner\runner_results_adhoc_20260928_060424_022_23024.json
TEST_SUMMARY suite=adhoc passed=1 failed=0 engine_log_errors=0
T6_SAMPLE_COMPLETE small-30-AA-2-BASE
[PASS] t6_real_load_probe
RUNNER_RESULTS_JSON=C:\Users\Administrator\Documents\HardCore\docs\monster_combat_r4\sol_takeover\evidence\native_t6_small30_1b74_20260928_0604\small-30-AB-1-BASE\runner\runner_results_adhoc_20260928_060448_121_23024.json
TEST_SUMMARY suite=adhoc passed=1 failed=0 engine_log_errors=0
T6_SAMPLE_COMPLETE small-30-AB-1-BASE
[PASS] t6_real_load_probe
RUNNER_RESULTS_JSON=C:\Users\Administrator\Documents\HardCore\docs\monster_combat_r4\sol_takeover\evidence\native_t6_small30_1b74_20260928_0604\small-30-AB-1-CAND\runner\runner_results_adhoc_20260928_060512_788_23024.json
TEST_SUMMARY suite=adhoc passed=1 failed=0 engine_log_errors=0
T6_SAMPLE_COMPLETE small-30-AB-1-CAND
[PASS] t6_real_load_probe
RUNNER_RESULTS_JSON=C:\Users\Administrator\Documents\HardCore\docs\monster_combat_r4\sol_takeover\evidence\native_t6_small30_1b74_20260928_0604\small-30-AB-2-CAND\runner\runner_results_adhoc_20260928_060536_452_23024.json
TEST_SUMMARY suite=adhoc passed=1 failed=0 engine_log_errors=0
T6_SAMPLE_COMPLETE small-30-AB-2-CAND
[PASS] t6_real_load_probe
RUNNER_RESULTS_JSON=C:\Users\Administrator\Documents\HardCore\docs\monster_combat_r4\sol_takeover\evidence\native_t6_small30_1b74_20260928_0604\small-30-AB-2-BASE\runner\runner_results_adhoc_20260928_060600_594_23024.json
TEST_SUMMARY suite=adhoc passed=1 failed=0 engine_log_errors=0
T6_SAMPLE_COMPLETE small-30-AB-2-BASE
[PASS] t6_real_load_probe
RUNNER_RESULTS_JSON=C:\Users\Administrator\Documents\HardCore\docs\monster_combat_r4\sol_takeover\evidence\native_t6_small30_1b74_20260928_0604\small-30-AB-3-BASE\runner\runner_results_adhoc_20260928_060624_951_23024.json
TEST_SUMMARY suite=adhoc passed=1 failed=0 engine_log_errors=0
T6_SAMPLE_COMPLETE small-30-AB-3-BASE
[PASS] t6_real_load_probe
RUNNER_RESULTS_JSON=C:\Users\Administrator\Documents\HardCore\docs\monster_combat_r4\sol_takeover\evidence\native_t6_small30_1b74_20260928_0604\small-30-AB-3-CAND\runner\runner_results_adhoc_20260928_060648_559_23024.json
TEST_SUMMARY suite=adhoc passed=1 failed=0 engine_log_errors=0
T6_SAMPLE_COMPLETE small-30-AB-3-CAND
T6_PAIR_MATRIX_COMPLETE runs=8
