[PASS] t6_real_load_probe
RUNNER_RESULTS_JSON=C:\Users\Administrator\Documents\HardCore\docs\monster_combat_r4\sol_takeover\evidence\native_t6_aoe30_1b74_20260928_0556\aoe_death_loot-30-AA-1-BASE\runner\runner_results_adhoc_20260928_060007_962_23332.json
TEST_SUMMARY suite=adhoc passed=1 failed=0 engine_log_errors=0
T6_SAMPLE_COMPLETE aoe_death_loot-30-AA-1-BASE
[PASS] t6_real_load_probe
RUNNER_RESULTS_JSON=C:\Users\Administrator\Documents\HardCore\docs\monster_combat_r4\sol_takeover\evidence\native_t6_aoe30_1b74_20260928_0556\aoe_death_loot-30-AA-2-BASE\runner\runner_results_adhoc_20260928_060032_300_23332.json
TEST_SUMMARY suite=adhoc passed=1 failed=0 engine_log_errors=0
T6_SAMPLE_COMPLETE aoe_death_loot-30-AA-2-BASE
[PASS] t6_real_load_probe
RUNNER_RESULTS_JSON=C:\Users\Administrator\Documents\HardCore\docs\monster_combat_r4\sol_takeover\evidence\native_t6_aoe30_1b74_20260928_0556\aoe_death_loot-30-AB-1-BASE\runner\runner_results_adhoc_20260928_060056_732_23332.json
TEST_SUMMARY suite=adhoc passed=1 failed=0 engine_log_errors=0
T6_SAMPLE_COMPLETE aoe_death_loot-30-AB-1-BASE
[PASS] t6_real_load_probe
RUNNER_RESULTS_JSON=C:\Users\Administrator\Documents\HardCore\docs\monster_combat_r4\sol_takeover\evidence\native_t6_aoe30_1b74_20260928_0556\aoe_death_loot-30-AB-1-CAND\runner\runner_results_adhoc_20260928_060121_512_23332.json
TEST_SUMMARY suite=adhoc passed=1 failed=0 engine_log_errors=0
T6_SAMPLE_COMPLETE aoe_death_loot-30-AB-1-CAND
[PASS] t6_real_load_probe
RUNNER_RESULTS_JSON=C:\Users\Administrator\Documents\HardCore\docs\monster_combat_r4\sol_takeover\evidence\native_t6_aoe30_1b74_20260928_0556\aoe_death_loot-30-AB-2-CAND\runner\runner_results_adhoc_20260928_060145_725_23332.json
TEST_SUMMARY suite=adhoc passed=1 failed=0 engine_log_errors=0
T6_SAMPLE_COMPLETE aoe_death_loot-30-AB-2-CAND
[PASS] t6_real_load_probe
RUNNER_RESULTS_JSON=C:\Users\Administrator\Documents\HardCore\docs\monster_combat_r4\sol_takeover\evidence\native_t6_aoe30_1b74_20260928_0556\aoe_death_loot-30-AB-2-BASE\runner\runner_results_adhoc_20260928_060210_007_23332.json
TEST_SUMMARY suite=adhoc passed=1 failed=0 engine_log_errors=0
T6_SAMPLE_COMPLETE aoe_death_loot-30-AB-2-BASE
[PASS] t6_real_load_probe
RUNNER_RESULTS_JSON=C:\Users\Administrator\Documents\HardCore\docs\monster_combat_r4\sol_takeover\evidence\native_t6_aoe30_1b74_20260928_0556\aoe_death_loot-30-AB-3-BASE\runner\runner_results_adhoc_20260928_060234_869_23332.json
TEST_SUMMARY suite=adhoc passed=1 failed=0 engine_log_errors=0
T6_SAMPLE_COMPLETE aoe_death_loot-30-AB-3-BASE
[PASS] t6_real_load_probe
RUNNER_RESULTS_JSON=C:\Users\Administrator\Documents\HardCore\docs\monster_combat_r4\sol_takeover\evidence\native_t6_aoe30_1b74_20260928_0556\aoe_death_loot-30-AB-3-CAND\runner\runner_results_adhoc_20260928_060259_395_23332.json
TEST_SUMMARY suite=adhoc passed=1 failed=0 engine_log_errors=0
T6_SAMPLE_COMPLETE aoe_death_loot-30-AB-3-CAND
T6_PAIR_MATRIX_COMPLETE runs=8
