[PASS] map_editor_ground_transaction_20261010_test
[FAIL] map_editor_release_recovery_20261010_test - stderr_failures_1;engine_log_failures_1
WorkerThreadPool: 12 threads, 3 max low-priority.
Godot Engine v4.7.stable.official.5b4e0cb0f - https://godotengine.org
TextServer: Added interface "Dummy"
TextServer: Added interface "ICU / HarfBuzz / Graphite (Built-in)"
Using "default" pen tablet driver...

TextServer: Primary interface set to: "ICU / HarfBuzz / Graphite (Built-in)".
CORE API HASH: 3472268009
EDITOR API HASH: 2212757246
SceneTreeFTI: traversal method DEFAULT
Loading resource: res://scripts/device_lab_patch_bootstrap.gd remapped: res://scripts/device_lab_patch_bootstrap.gd
Completed load for: 'res://scripts/device_lab_patch_bootstrap.gd' remapped 'res://scripts/device_lab_patch_bootstrap.gd' at thread -1
Loading resource: res://scripts/audio_preferences.gd remapped: res://scripts/audio_preferences.gd
Completed load for: 'res://scripts/audio_preferences.gd' remapped 'res://scripts/audio_preferences.gd' at thread -1
Loading resource: res://scripts/loot_preferences.gd remapped: res://scripts/loot_preferences.gd
Completed load for: 'res://scripts/loot_preferences.gd' remapped 'res://scripts/loot_preferences.gd' at thread -1
Loading resource: res://scripts/layers/runtime/content_layer_registry.gd remapped: res://scripts/layers/runtime/content_layer_registry.gd
Completed load for: 'res://scripts/layers/runtime/content_layer_registry.gd' remapped 'res://scripts/layers/runtime/content_layer_registry.gd' at thread -1
Loading resource: res://scripts/layers/runtime/world_content_service.gd remapped: res://scripts/layers/runtime/world_content_service.gd
Completed load for: 'res://scripts/layers/runtime/world_content_service.gd' remapped 'res://scripts/layers/runtime/world_content_service.gd' at thread -1
Loading resource: res://scripts/layers/presentation/presentation_registry.gd remapped: res://scripts/layers/presentation/presentation_registry.gd
Completed load for: 'res://scripts/layers/presentation/presentation_registry.gd' remapped 'res://scripts/layers/presentation/presentation_registry.gd' at thread -1
Loading resource: res://scripts/layers/runtime/targeting_runtime_service.gd remapped: res://scripts/layers/runtime/targeting_runtime_service.gd
Completed load for: 'res://scripts/layers/runtime/targeting_runtime_service.gd' remapped 'res://scripts/layers/runtime/targeting_runtime_service.gd' at thread -1
Loading resource: res://scripts/layers/runtime/loot_runtime_service.gd remapped: res://scripts/layers/runtime/loot_runtime_service.gd
Completed load for: 'res://scripts/layers/runtime/loot_runtime_service.gd' remapped 'res://scripts/layers/runtime/loot_runtime_service.gd' at thread -1
Loading resource: res://scripts/layers/runtime/combat_runtime_service.gd remapped: res://scripts/layers/runtime/combat_runtime_service.gd
Completed load for: 'res://scripts/layers/runtime/combat_runtime_service.gd' remapped 'res://scripts/layers/runtime/combat_runtime_service.gd' at thread -1
Loading resource: res://scripts/layers/runtime/domain_runtime_services.gd remapped: res://scripts/layers/runtime/domain_runtime_services.gd
Completed load for: 'res://scripts/layers/runtime/domain_runtime_services.gd' remapped 'res://scripts/layers/runtime/domain_runtime_services.gd' at thread -1
Loading resource: res://scripts/layers/rules/boss_mechanic_registry.gd remapped: res://scripts/layers/rules/boss_mechanic_registry.gd
Completed load for: 'res://scripts/layers/rules/boss_mechanic_registry.gd' remapped 'res://scripts/layers/rules/boss_mechanic_registry.gd' at thread -1
Loading resource: res://scripts/layers/runtime/runtime_service_facade.gd remapped: res://scripts/layers/runtime/runtime_service_facade.gd
Completed load for: 'res://scripts/layers/runtime/runtime_service_facade.gd' remapped 'res://scripts/layers/runtime/runtime_service_facade.gd' at thread -1
Loaded system CA certificates
Loading resource: res://tests/framework/map_editor_release_recovery_20261010_test.tscn remapped: res://tests/framework/map_editor_release_recovery_20261010_test.tscn
Loading resource: res://tests/framework/map_editor_release_recovery_20261010_test.gd remapped: res://tests/framework/map_editor_release_recovery_20261010_test.gd
Completed load for: 'res://tests/framework/map_editor_release_recovery_20261010_test.gd' remapped 'res://tests/framework/map_editor_release_recovery_20261010_test.gd' at thread -1
Completed load for: 'res://tests/framework/map_editor_release_recovery_20261010_test.tscn' remapped 'res://tests/framework/map_editor_release_recovery_20261010_test.tscn' at thread -1
数据库载入完成：地图209 怪物156 Boss20 装备175 技能等级132 掉落槽3424 任务9
MAP_EDITOR_RELEASE_RECOVERY_CONTRACT_PASS checks=34
XR: Clearing primary interface
XR: Removed interface "Native mobile"
XR: Removed interface "OpenXR"
ERROR: Condition "len == 0" is true. Returning: FAILED
   at: update (core/crypto/hashing_context.cpp:54)
   GDScript backtrace (most recent call first):
       [0] _sha256_bytes (res://scripts/map_editor/map_editor_build_runtime_service.gd:628)
       [1] _recover_pending_publish_intent (res://scripts/map_editor/map_editor_build_runtime_service.gd:709)
       [2] publish_runtime_release (res://scripts/map_editor/map_editor_build_runtime_service.gd:195)
       [3] _run (res://tests/framework/map_editor_release_recovery_20261010_test.gd:176)
       [4] _ready (res://tests/framework/map_editor_release_recovery_20261010_test.gd:25)
[FAIL] map_editor_saved_publish_boundary_20261010_test - missing_pass_marker;process_did_not_exit;early_script_error;non_zero_exit_code_-1;stderr_failures_2;engine_log_failures_2;framework_receipt_missing
WorkerThreadPool: 12 threads, 3 max low-priority.
Godot Engine v4.7.stable.official.5b4e0cb0f - https://godotengine.org
TextServer: Added interface "Dummy"
TextServer: Added interface "ICU / HarfBuzz / Graphite (Built-in)"
Using "default" pen tablet driver...

TextServer: Primary interface set to: "ICU / HarfBuzz / Graphite (Built-in)".
CORE API HASH: 3472268009
EDITOR API HASH: 2212757246
SceneTreeFTI: traversal method DEFAULT
Loading resource: res://scripts/device_lab_patch_bootstrap.gd remapped: res://scripts/device_lab_patch_bootstrap.gd
Completed load for: 'res://scripts/device_lab_patch_bootstrap.gd' remapped 'res://scripts/device_lab_patch_bootstrap.gd' at thread -1
Loading resource: res://scripts/audio_preferences.gd remapped: res://scripts/audio_preferences.gd
Completed load for: 'res://scripts/audio_preferences.gd' remapped 'res://scripts/audio_preferences.gd' at thread -1
Loading resource: res://scripts/loot_preferences.gd remapped: res://scripts/loot_preferences.gd
Completed load for: 'res://scripts/loot_preferences.gd' remapped 'res://scripts/loot_preferences.gd' at thread -1
Loading resource: res://scripts/layers/runtime/content_layer_registry.gd remapped: res://scripts/layers/runtime/content_layer_registry.gd
Completed load for: 'res://scripts/layers/runtime/content_layer_registry.gd' remapped 'res://scripts/layers/runtime/content_layer_registry.gd' at thread -1
Loading resource: res://scripts/layers/runtime/world_content_service.gd remapped: res://scripts/layers/runtime/world_content_service.gd
Completed load for: 'res://scripts/layers/runtime/world_content_service.gd' remapped 'res://scripts/layers/runtime/world_content_service.gd' at thread -1
Loading resource: res://scripts/layers/presentation/presentation_registry.gd remapped: res://scripts/layers/presentation/presentation_registry.gd
Completed load for: 'res://scripts/layers/presentation/presentation_registry.gd' remapped 'res://scripts/layers/presentation/presentation_registry.gd' at thread -1
Loading resource: res://scripts/layers/runtime/targeting_runtime_service.gd remapped: res://scripts/layers/runtime/targeting_runtime_service.gd
Completed load for: 'res://scripts/layers/runtime/targeting_runtime_service.gd' remapped 'res://scripts/layers/runtime/targeting_runtime_service.gd' at thread -1
Loading resource: res://scripts/layers/runtime/loot_runtime_service.gd remapped: res://scripts/layers/runtime/loot_runtime_service.gd
Completed load for: 'res://scripts/layers/runtime/loot_runtime_service.gd' remapped 'res://scripts/layers/runtime/loot_runtime_service.gd' at thread -1
Loading resource: res://scripts/layers/runtime/combat_runtime_service.gd remapped: res://scripts/layers/runtime/combat_runtime_service.gd
Completed load for: 'res://scripts/layers/runtime/combat_runtime_service.gd' remapped 'res://scripts/layers/runtime/combat_runtime_service.gd' at thread -1
Loading resource: res://scripts/layers/runtime/domain_runtime_services.gd remapped: res://scripts/layers/runtime/domain_runtime_services.gd
Completed load for: 'res://scripts/layers/runtime/domain_runtime_services.gd' remapped 'res://scripts/layers/runtime/domain_runtime_services.gd' at thread -1
Loading resource: res://scripts/layers/rules/boss_mechanic_registry.gd remapped: res://scripts/layers/rules/boss_mechanic_registry.gd
Completed load for: 'res://scripts/layers/rules/boss_mechanic_registry.gd' remapped 'res://scripts/layers/rules/boss_mechanic_registry.gd' at thread -1
Loading resource: res://scripts/layers/runtime/runtime_service_facade.gd remapped: res://scripts/layers/runtime/runtime_service_facade.gd
Completed load for: 'res://scripts/layers/runtime/runtime_service_facade.gd' remapped 'res://scripts/layers/runtime/runtime_service_facade.gd' at thread -1
Loaded system CA certificates
Loading resource: res://tests/framework/map_editor_saved_publish_boundary_20261010_test.tscn remapped: res://tests/framework/map_editor_saved_publish_boundary_20261010_test.tscn
Loading resource: res://tests/framework/map_editor_saved_publish_boundary_20261010_test.gd remapped: res://tests/framework/map_editor_saved_publish_boundary_20261010_test.gd
Completed load for: 'res://tests/framework/map_editor_saved_publish_boundary_20261010_test.gd' remapped 'res://tests/framework/map_editor_saved_publish_boundary_20261010_test.gd' at thread -1
Completed load for: 'res://tests/framework/map_editor_saved_publish_boundary_20261010_test.tscn' remapped 'res://tests/framework/map_editor_saved_publish_boundary_20261010_test.tscn' at thread -1
SCRIPT ERROR: Parse Error: Cannot infer the type of "command_result" variable because the value doesn't have a set type.
   at: GDScript::reload (res://tests/framework/map_editor_saved_publish_boundary_20261010_test.gd:44)
ERROR: Failed to load script "res://tests/framework/map_editor_saved_publish_boundary_20261010_test.gd" with error "Parse error".
   at: load (modules/gdscript/gdscript_resource_format.cpp:46)
[PASS] map_editor_runtime_numeric_identity_20261010_test
RUNNER_RESULTS_JSON=C:\Users\Administrator\Documents\HardCore\outputs\test_logs\v109_direct42_map_transactions\logs\runner_results_adhoc_20261010_023919_545_6428.json
TEST_SUMMARY suite=adhoc passed=2 failed=2 engine_log_errors=3
FAILED_TESTS=map_editor_release_recovery_20261010_test (stderr_failures_1;engine_log_failures_1); map_editor_saved_publish_boundary_20261010_test (missing_pass_marker;process_did_not_exit;early_script_error;non_zero_exit_code_-1;stderr_failures_2;engine_log_failures_2;framework_receipt_missing)
