[FAIL] map_editor_saved_publish_boundary_20261010_test - missing_pass_marker;non_zero_exit_code_1;framework_checks_failed
WorkerThreadPool: 12 threads, 3 max low-priority.
Godot Engine v4.7.stable.official.5b4e0cb0f - https://godotengine.org
TextServer: Added interface "Dummy"
TextServer: Added interface "ICU / HarfBuzz / Graphite (Built-in)"
Using "default" pen tablet driver...

TextServer: Primary interface set to: "ICU / HarfBuzz / Graphite (Built-in)".
CORE API HASH: 3472268009
EDITOR API HASH: 2212757246
SceneTreeFTI: traversal method DEFAULT
Loading resource: res://scripts/device_lab_patch_bootstrap.gd remapped: res://scripts/device_lab_patch_bootstrap.gd
Completed load for: 'res://scripts/device_lab_patch_bootstrap.gd' remapped 'res://scripts/device_lab_patch_bootstrap.gd' at thread -1
Loading resource: res://scripts/audio_preferences.gd remapped: res://scripts/audio_preferences.gd
Completed load for: 'res://scripts/audio_preferences.gd' remapped 'res://scripts/audio_preferences.gd' at thread -1
Loading resource: res://scripts/loot_preferences.gd remapped: res://scripts/loot_preferences.gd
Completed load for: 'res://scripts/loot_preferences.gd' remapped 'res://scripts/loot_preferences.gd' at thread -1
Loading resource: res://scripts/layers/runtime/content_layer_registry.gd remapped: res://scripts/layers/runtime/content_layer_registry.gd
Completed load for: 'res://scripts/layers/runtime/content_layer_registry.gd' remapped 'res://scripts/layers/runtime/content_layer_registry.gd' at thread -1
Loading resource: res://scripts/layers/runtime/world_content_service.gd remapped: res://scripts/layers/runtime/world_content_service.gd
Completed load for: 'res://scripts/layers/runtime/world_content_service.gd' remapped 'res://scripts/layers/runtime/world_content_service.gd' at thread -1
Loading resource: res://scripts/layers/presentation/presentation_registry.gd remapped: res://scripts/layers/presentation/presentation_registry.gd
Completed load for: 'res://scripts/layers/presentation/presentation_registry.gd' remapped 'res://scripts/layers/presentation/presentation_registry.gd' at thread -1
Loading resource: res://scripts/layers/runtime/targeting_runtime_service.gd remapped: res://scripts/layers/runtime/targeting_runtime_service.gd
Completed load for: 'res://scripts/layers/runtime/targeting_runtime_service.gd' remapped 'res://scripts/layers/runtime/targeting_runtime_service.gd' at thread -1
Loading resource: res://scripts/layers/runtime/loot_runtime_service.gd remapped: res://scripts/layers/runtime/loot_runtime_service.gd
Completed load for: 'res://scripts/layers/runtime/loot_runtime_service.gd' remapped 'res://scripts/layers/runtime/loot_runtime_service.gd' at thread -1
Loading resource: res://scripts/layers/runtime/combat_runtime_service.gd remapped: res://scripts/layers/runtime/combat_runtime_service.gd
Completed load for: 'res://scripts/layers/runtime/combat_runtime_service.gd' remapped 'res://scripts/layers/runtime/combat_runtime_service.gd' at thread -1
Loading resource: res://scripts/layers/runtime/domain_runtime_services.gd remapped: res://scripts/layers/runtime/domain_runtime_services.gd
Completed load for: 'res://scripts/layers/runtime/domain_runtime_services.gd' remapped 'res://scripts/layers/runtime/domain_runtime_services.gd' at thread -1
Loading resource: res://scripts/layers/rules/boss_mechanic_registry.gd remapped: res://scripts/layers/rules/boss_mechanic_registry.gd
Completed load for: 'res://scripts/layers/rules/boss_mechanic_registry.gd' remapped 'res://scripts/layers/rules/boss_mechanic_registry.gd' at thread -1
Loading resource: res://scripts/layers/runtime/runtime_service_facade.gd remapped: res://scripts/layers/runtime/runtime_service_facade.gd
Completed load for: 'res://scripts/layers/runtime/runtime_service_facade.gd' remapped 'res://scripts/layers/runtime/runtime_service_facade.gd' at thread -1
Loaded system CA certificates
Loading resource: res://tests/framework/map_editor_saved_publish_boundary_20261010_test.tscn remapped: res://tests/framework/map_editor_saved_publish_boundary_20261010_test.tscn
Loading resource: res://tests/framework/map_editor_saved_publish_boundary_20261010_test.gd remapped: res://tests/framework/map_editor_saved_publish_boundary_20261010_test.gd
Completed load for: 'res://tests/framework/map_editor_saved_publish_boundary_20261010_test.gd' remapped 'res://tests/framework/map_editor_saved_publish_boundary_20261010_test.gd' at thread -1
Completed load for: 'res://tests/framework/map_editor_saved_publish_boundary_20261010_test.tscn' remapped 'res://tests/framework/map_editor_saved_publish_boundary_20261010_test.tscn' at thread -1
数据库载入完成：地图209 怪物156 Boss20 装备175 技能等级132 掉落槽3424 任务9
Loading resource: res://assets/art/maps/_shared/terrain/old_grass/ground_old_grass_001.png remapped: res://assets/art/maps/_shared/terrain/old_grass/ground_old_grass_001.png
Loading resource: res://.godot/imported/ground_old_grass_001.png-52e43cc5cb20b4df11bf80896d92ef53.ctex remapped: res://.godot/imported/ground_old_grass_001.png-52e43cc5cb20b4df11bf80896d92ef53.ctex
Completed load for: 'res://assets/art/maps/_shared/terrain/old_grass/ground_old_grass_001.png' remapped 'res://assets/art/maps/_shared/terrain/old_grass/ground_old_grass_001.png' at thread -1
FRAMEWORK_MAP_EDITOR_SAVED_PUBLISH_BOUNDARY_FAIL checks=18 errors=["sandbox save succeeds through MapEditorSaveService: { \"ok\": false, \"errors\": [\"durable_binding_mismatch\"] }", "successful save records durable proof", "receipt write failed"]
XR: Clearing primary interface
XR: Removed interface "Native mobile"
XR: Removed interface "OpenXR"
RUNNER_RESULTS_JSON=C:\Users\Administrator\Documents\HardCore\outputs\test_logs\v109_direct44_saved_publish\logs\runner_results_adhoc_20261010_024146_373_24384.json
TEST_SUMMARY suite=adhoc passed=0 failed=1 engine_log_errors=0
FAILED_TESTS=map_editor_saved_publish_boundary_20261010_test (missing_pass_marker;non_zero_exit_code_1;framework_checks_failed)
