[PASS] map_editor_release_recovery_20261010_test
[PASS] map_publish_restart_recovery_test
[FAIL] map_registry_restore_entry_test - missing_pass_marker;non_zero_exit_code_1;stderr_failures_1;engine_log_failures_1
WorkerThreadPool: 12 threads, 3 max low-priority.
Godot Engine v4.7.stable.official.5b4e0cb0f - https://godotengine.org
TextServer: Added interface "Dummy"
TextServer: Added interface "ICU / HarfBuzz / Graphite (Built-in)"
Using "default" pen tablet driver...

TextServer: Primary interface set to: "ICU / HarfBuzz / Graphite (Built-in)".
CORE API HASH: 3472268009
EDITOR API HASH: 2212757246
SceneTreeFTI: traversal method DEFAULT
Loading resource: res://scripts/device_lab_patch_bootstrap.gd remapped: res://scripts/device_lab_patch_bootstrap.gd
Completed load for: 'res://scripts/device_lab_patch_bootstrap.gd' remapped 'res://scripts/device_lab_patch_bootstrap.gd' at thread -1
Loading resource: res://scripts/audio_preferences.gd remapped: res://scripts/audio_preferences.gd
Completed load for: 'res://scripts/audio_preferences.gd' remapped 'res://scripts/audio_preferences.gd' at thread -1
Loading resource: res://scripts/loot_preferences.gd remapped: res://scripts/loot_preferences.gd
Completed load for: 'res://scripts/loot_preferences.gd' remapped 'res://scripts/loot_preferences.gd' at thread -1
Loading resource: res://scripts/layers/runtime/content_layer_registry.gd remapped: res://scripts/layers/runtime/content_layer_registry.gd
Completed load for: 'res://scripts/layers/runtime/content_layer_registry.gd' remapped 'res://scripts/layers/runtime/content_layer_registry.gd' at thread -1
Loading resource: res://scripts/layers/runtime/world_content_service.gd remapped: res://scripts/layers/runtime/world_content_service.gd
Completed load for: 'res://scripts/layers/runtime/world_content_service.gd' remapped 'res://scripts/layers/runtime/world_content_service.gd' at thread -1
Loading resource: res://scripts/layers/presentation/presentation_registry.gd remapped: res://scripts/layers/presentation/presentation_registry.gd
Completed load for: 'res://scripts/layers/presentation/presentation_registry.gd' remapped 'res://scripts/layers/presentation/presentation_registry.gd' at thread -1
Loading resource: res://scripts/layers/runtime/targeting_runtime_service.gd remapped: res://scripts/layers/runtime/targeting_runtime_service.gd
Completed load for: 'res://scripts/layers/runtime/targeting_runtime_service.gd' remapped 'res://scripts/layers/runtime/targeting_runtime_service.gd' at thread -1
Loading resource: res://scripts/layers/runtime/loot_runtime_service.gd remapped: res://scripts/layers/runtime/loot_runtime_service.gd
Completed load for: 'res://scripts/layers/runtime/loot_runtime_service.gd' remapped 'res://scripts/layers/runtime/loot_runtime_service.gd' at thread -1
Loading resource: res://scripts/layers/runtime/combat_runtime_service.gd remapped: res://scripts/layers/runtime/combat_runtime_service.gd
Completed load for: 'res://scripts/layers/runtime/combat_runtime_service.gd' remapped 'res://scripts/layers/runtime/combat_runtime_service.gd' at thread -1
Loading resource: res://scripts/layers/runtime/domain_runtime_services.gd remapped: res://scripts/layers/runtime/domain_runtime_services.gd
Completed load for: 'res://scripts/layers/runtime/domain_runtime_services.gd' remapped 'res://scripts/layers/runtime/domain_runtime_services.gd' at thread -1
Loading resource: res://scripts/layers/rules/boss_mechanic_registry.gd remapped: res://scripts/layers/rules/boss_mechanic_registry.gd
Completed load for: 'res://scripts/layers/rules/boss_mechanic_registry.gd' remapped 'res://scripts/layers/rules/boss_mechanic_registry.gd' at thread -1
Loading resource: res://scripts/layers/runtime/runtime_service_facade.gd remapped: res://scripts/layers/runtime/runtime_service_facade.gd
Completed load for: 'res://scripts/layers/runtime/runtime_service_facade.gd' remapped 'res://scripts/layers/runtime/runtime_service_facade.gd' at thread -1
Loaded system CA certificates
Loading resource: res://tests/map_registry_restore_entry_test.tscn remapped: res://tests/map_registry_restore_entry_test.tscn
Loading resource: res://tests/map_registry_restore_entry_test.gd remapped: res://tests/map_registry_restore_entry_test.gd
Completed load for: 'res://tests/map_registry_restore_entry_test.gd' remapped 'res://tests/map_registry_restore_entry_test.gd' at thread -1
Completed load for: 'res://tests/map_registry_restore_entry_test.tscn' remapped 'res://tests/map_registry_restore_entry_test.tscn' at thread -1
数据库载入完成：地图209 怪物156 Boss20 装备175 技能等级132 掉落槽3424 任务9
REGISTRY_RESTORE_ENTRY_FAIL checks=19 failures=1
XR: Clearing primary interface
XR: Removed interface "Native mobile"
XR: Removed interface "OpenXR"
ERROR: REGISTRY_RESTORE_ENTRY: R3: identical backups must recover (got reason=registry_write_failed)
   at: push_error (core/variant/variant_utility.cpp:1023)
   GDScript backtrace (most recent call first):
       [0] _report (res://tests/map_registry_restore_entry_test.gd:35)
       [1] _run (res://tests/map_registry_restore_entry_test.gd:347)
[PASS] map_registry_restore_source_preserved_test
[PASS] map_registry_fail_closed_transaction_test
[PASS] rv14_registry_review_counterexamples
RUNNER_RESULTS_JSON=C:\Users\Administrator\Documents\HardCore\outputs\test_logs\v109_direct48_registry_recovery\logs\runner_results_adhoc_20261010_025517_160_8784.json
TEST_SUMMARY suite=adhoc passed=5 failed=1 engine_log_errors=1
FAILED_TESTS=map_registry_restore_entry_test (missing_pass_marker;non_zero_exit_code_1;stderr_failures_1;engine_log_failures_1)
