[PASS] build_candidate_does_not_mutate_release_test
[PASS] publish_promotes_candidate_test
[PASS] publish_failure_rollback_test
[FAIL] map_publish_restart_recovery_test - missing_pass_marker;process_did_not_exit;early_script_error;non_zero_exit_code_-1;stderr_failures_2;engine_log_failures_2
WorkerThreadPool: 12 threads, 3 max low-priority.
Godot Engine v4.7.stable.official.5b4e0cb0f - https://godotengine.org
TextServer: Added interface "Dummy"
TextServer: Added interface "ICU / HarfBuzz / Graphite (Built-in)"
Using "default" pen tablet driver...

TextServer: Primary interface set to: "ICU / HarfBuzz / Graphite (Built-in)".
CORE API HASH: 3472268009
EDITOR API HASH: 2212757246
SceneTreeFTI: traversal method DEFAULT
Loading resource: res://scripts/device_lab_patch_bootstrap.gd remapped: res://scripts/device_lab_patch_bootstrap.gd
Completed load for: 'res://scripts/device_lab_patch_bootstrap.gd' remapped 'res://scripts/device_lab_patch_bootstrap.gd' at thread -1
Loading resource: res://scripts/audio_preferences.gd remapped: res://scripts/audio_preferences.gd
Completed load for: 'res://scripts/audio_preferences.gd' remapped 'res://scripts/audio_preferences.gd' at thread -1
Loading resource: res://scripts/loot_preferences.gd remapped: res://scripts/loot_preferences.gd
Completed load for: 'res://scripts/loot_preferences.gd' remapped 'res://scripts/loot_preferences.gd' at thread -1
Loading resource: res://scripts/layers/runtime/content_layer_registry.gd remapped: res://scripts/layers/runtime/content_layer_registry.gd
Completed load for: 'res://scripts/layers/runtime/content_layer_registry.gd' remapped 'res://scripts/layers/runtime/content_layer_registry.gd' at thread -1
Loading resource: res://scripts/layers/runtime/world_content_service.gd remapped: res://scripts/layers/runtime/world_content_service.gd
Completed load for: 'res://scripts/layers/runtime/world_content_service.gd' remapped 'res://scripts/layers/runtime/world_content_service.gd' at thread -1
Loading resource: res://scripts/layers/presentation/presentation_registry.gd remapped: res://scripts/layers/presentation/presentation_registry.gd
Completed load for: 'res://scripts/layers/presentation/presentation_registry.gd' remapped 'res://scripts/layers/presentation/presentation_registry.gd' at thread -1
Loading resource: res://scripts/layers/runtime/targeting_runtime_service.gd remapped: res://scripts/layers/runtime/targeting_runtime_service.gd
Completed load for: 'res://scripts/layers/runtime/targeting_runtime_service.gd' remapped 'res://scripts/layers/runtime/targeting_runtime_service.gd' at thread -1
Loading resource: res://scripts/layers/runtime/loot_runtime_service.gd remapped: res://scripts/layers/runtime/loot_runtime_service.gd
Completed load for: 'res://scripts/layers/runtime/loot_runtime_service.gd' remapped 'res://scripts/layers/runtime/loot_runtime_service.gd' at thread -1
Loading resource: res://scripts/layers/runtime/combat_runtime_service.gd remapped: res://scripts/layers/runtime/combat_runtime_service.gd
Completed load for: 'res://scripts/layers/runtime/combat_runtime_service.gd' remapped 'res://scripts/layers/runtime/combat_runtime_service.gd' at thread -1
Loading resource: res://scripts/layers/runtime/domain_runtime_services.gd remapped: res://scripts/layers/runtime/domain_runtime_services.gd
Completed load for: 'res://scripts/layers/runtime/domain_runtime_services.gd' remapped 'res://scripts/layers/runtime/domain_runtime_services.gd' at thread -1
Loading resource: res://scripts/layers/rules/boss_mechanic_registry.gd remapped: res://scripts/layers/rules/boss_mechanic_registry.gd
Completed load for: 'res://scripts/layers/rules/boss_mechanic_registry.gd' remapped 'res://scripts/layers/rules/boss_mechanic_registry.gd' at thread -1
Loading resource: res://scripts/layers/runtime/runtime_service_facade.gd remapped: res://scripts/layers/runtime/runtime_service_facade.gd
Completed load for: 'res://scripts/layers/runtime/runtime_service_facade.gd' remapped 'res://scripts/layers/runtime/runtime_service_facade.gd' at thread -1
Loaded system CA certificates
Loading resource: res://tests/map_publish_restart_recovery_test.tscn remapped: res://tests/map_publish_restart_recovery_test.tscn
Loading resource: res://tests/map_publish_restart_recovery_test.gd remapped: res://tests/map_publish_restart_recovery_test.gd
Completed load for: 'res://tests/map_publish_restart_recovery_test.gd' remapped 'res://tests/map_publish_restart_recovery_test.gd' at thread -1
Completed load for: 'res://tests/map_publish_restart_recovery_test.tscn' remapped 'res://tests/map_publish_restart_recovery_test.tscn' at thread -1
数据库载入完成：地图209 怪物156 Boss20 装备175 技能等级132 掉落槽3424 任务9
SCRIPT ERROR: Assertion failed: cannot read user://p0_3r_crash_formal_a/p0_3r_crash_a.runtime.json
   at: file_sha256 (res://tests/helpers/map_runtime_transaction_test_fixtures.gd:115)
   GDScript backtrace (most recent call first):
       [0] file_sha256 (res://tests/helpers/map_runtime_transaction_test_fixtures.gd:115)
       [1] _run (res://tests/map_publish_restart_recovery_test.gd:99)
SCRIPT ERROR: Assertion failed: old release must be playable again after the failed retry
   at: _run (res://tests/map_publish_restart_recovery_test.gd:110)
   GDScript backtrace (most recent call first):
       [0] _run (res://tests/map_publish_restart_recovery_test.gd:110)
[PASS] map_candidate_binding_publish_guard_test
[PASS] rv14_multi_map_publish_sibling_invariance_test
[PASS] map_editor_save_path_isolation_test
[PASS] release_registry_consumer_validation_test
[PASS] portal_all_map_authoring_footprint_test
RUNNER_RESULTS_JSON=C:\Users\Administrator\Documents\HardCore\outputs\test_logs\v109_related46_map_transactions\logs\runner_results_adhoc_20261010_024540_523_3636.json
TEST_SUMMARY suite=adhoc passed=8 failed=1 engine_log_errors=2
FAILED_TESTS=map_publish_restart_recovery_test (missing_pass_marker;process_did_not_exit;early_script_error;non_zero_exit_code_-1;stderr_failures_2;engine_log_failures_2)
