Verifies
Verified using v1 scheme (JAR signing): false
Verified using v2 scheme (APK Signature Scheme v2): true
Verified using v3 scheme (APK Signature Scheme v3): false
Verified using v3.1 scheme (APK Signature Scheme v3.1): false
Verified using v4 scheme (APK Signature Scheme v4): false
Verified for SourceStamp: false
Number of signers: 1
APK_RUNTIME_RESOURCE_PROBE_PASS
CONTRACT=release.apk.runtime_resource_probe.v1
APK=C:\Users\Administrator\Documents\HardCore\outputs\hardcore\HardCore-20260905-audit-milestone-debug.apk
APK_SHA256=26584B871F61B2F6EC2DDDAF52432263E7D68A6B8BEA35B2A3196D59D5B21664
BASELINE_APK=C:\Users\Administrator\Documents\HardCore\outputs\hardcore\HardCore-r3x8-probes-8263dceb-debug.apk
BASELINE_SHA256=1424F639E9533A6E1F83E816319D5EE96233137887ECCAF765F96ECF1455C146
COMPILED_SCRIPTS_VERIFIED=12
BUILD_INFO_COMMIT=52ae0565856c2d99a28639b2bf0c6278186e0858
BUILD_INFO_VERSION=1.19.0-audit-milestone
RUNTIME_CHANGE_COMPARISON=False
WORLD_HELMET_VISIBLE=false
MALE_HAIR_BLOCK=4
MALE_HAIR_ACTION_TEXTURES=6
PAPER_DOLL_BASE_IMPORT=assets/assets/art/characters/warrior/paper_doll/classic/base_male_00376_anatomy.png.import
PAPER_DOLL_HAIR_IMPORT=assets/assets/art/characters/warrior/paper_doll/classic/hair_male_00442.png.import
PAPER_DOLL_HEAD_PATCHES=12
CASTER_SKILL_FRAME_IMPORTS=586
ANDROID_APK_VERIFY_PASS
APK=C:\Users\Administrator\Documents\HardCore\outputs\hardcore\HardCore-20260905-audit-milestone-debug.apk
SIZE=449193057
SHA256=26584B871F61B2F6EC2DDDAF52432263E7D68A6B8BEA35B2A3196D59D5B21664
package: name='com.personal.mafaoffline' versionCode='70' versionName='1.19.0-audit-milestone' platformBuildVersionName='16' platformBuildVersionCode='36' compileSdkVersion='36' compileSdkVersionCodename='16'
sdkVersion:'24'
targetSdkVersion:'36'
application-label:'HardCore'
native-code: 'arm64-v8a'
