Verifies
Verified using v1 scheme (JAR signing): false
Verified using v2 scheme (APK Signature Scheme v2): true
Verified using v3 scheme (APK Signature Scheme v3): false
Verified using v3.1 scheme (APK Signature Scheme v3.1): false
Verified using v4 scheme (APK Signature Scheme v4): false
Verified for SourceStamp: false
Number of signers: 1
APK_RUNTIME_RESOURCE_PROBE_PASS
CONTRACT=release.apk.runtime_resource_probe.v1
APK=C:\Users\Administrator\Documents\HardCore\outputs\hardcore\HardCore-20260906-gameplay-audio-debug.apk
APK_SHA256=A759922572001C43B00C329C7FE398BDF979B70F07B20B53137B32A05898772F
BASELINE_APK=C:\Users\Administrator\Documents\HardCore\outputs\hardcore\HardCore-20260905-audit-milestone-debug.apk
BASELINE_SHA256=26584B871F61B2F6EC2DDDAF52432263E7D68A6B8BEA35B2A3196D59D5B21664
COMPILED_SCRIPTS_VERIFIED=12
BUILD_INFO_COMMIT=e6939a74fb091db24683c738fb85fb977d580cd0
BUILD_INFO_VERSION=1.20.0-gameplay-audio
RUNTIME_CHANGE_COMPARISON=False
WORLD_HELMET_VISIBLE=false
MALE_HAIR_BLOCK=4
MALE_HAIR_ACTION_TEXTURES=6
PAPER_DOLL_BASE_IMPORT=assets/assets/art/characters/warrior/paper_doll/classic/base_male_00376_anatomy.png.import
PAPER_DOLL_HAIR_IMPORT=assets/assets/art/characters/warrior/paper_doll/classic/hair_male_00442.png.import
PAPER_DOLL_HEAD_PATCHES=12
CASTER_SKILL_FRAME_IMPORTS=586
ANDROID_APK_VERIFY_PASS
APK=C:\Users\Administrator\Documents\HardCore\outputs\hardcore\HardCore-20260906-gameplay-audio-debug.apk
SIZE=461365538
SHA256=A759922572001C43B00C329C7FE398BDF979B70F07B20B53137B32A05898772F
package: name='com.personal.mafaoffline' versionCode='71' versionName='1.20.0-gameplay-audio' platformBuildVersionName='16' platformBuildVersionCode='36' compileSdkVersion='36' compileSdkVersionCodename='16'
sdkVersion:'24'
targetSdkVersion:'36'
application-label:'HardCore'
native-code: 'arm64-v8a'
