Godot Engine v4.7.stable.official.5b4e0cb0f - https://godotengine.org

数据库载入完成：地图209 怪物156 Boss20 装备175 技能等级132 掉落槽3424 任务9
ERROR: FORMAL_SPATIAL_READ_LANE_FAIL: Enemy exposes the formal spatial read segment consumer entry
   at: push_error (core/variant/variant_utility.cpp:1023)
   GDScript backtrace (most recent call first):
       [0] _check (res://tests/formal_spatial_read_lane_contract_20261009.gd:36)
       [1] _run_contract (res://tests/formal_spatial_read_lane_contract_20261009.gd:47)
       [2] _ready (res://tests/formal_spatial_read_lane_contract_20261009.gd:22)
FORMAL_SPATIAL_READ_LANE_AVAILABILITY_RED: missing _hc_formal_spatial_read_segment
ERROR: Can't free a RefCounted object.
   at: callp (core/object/object.cpp:781)
   GDScript backtrace (most recent call first):
       [0] _run_contract (res://tests/formal_spatial_read_lane_contract_20261009.gd:50)
       [1] _ready (res://tests/formal_spatial_read_lane_contract_20261009.gd:22)
SCRIPT ERROR: Attempted to free a RefCounted object.
   at: _run_contract (res://tests/formal_spatial_read_lane_contract_20261009.gd:50)
   GDScript backtrace (most recent call first):
       [0] _run_contract (res://tests/formal_spatial_read_lane_contract_20261009.gd:50)
       [1] _ready (res://tests/formal_spatial_read_lane_contract_20261009.gd:22)
FORMAL_SPATIAL_READ_LANE_CONTRACT_FAIL checks=1 failures=1
