Godot Engine v4.7.stable.official.5b4e0cb0f - https://godotengine.org

[   0% ] first_scan_filesystem | Started 项目初始化 (5 steps)
[   0% ] first_scan_filesystem | 正在扫描文件结构……
[  16% ] first_scan_filesystem | 正在加载全局类名……
[  33% ] first_scan_filesystem | 正在校验 GDExtension……
[  50% ] first_scan_filesystem | 正在创建自动加载脚本……
[  66% ] first_scan_filesystem | 正在初始化插件……
[  83% ] first_scan_filesystem | 正在启动文件扫描……
[ DONE ] first_scan_filesystem

[   0% ] update_scripts_classes | Started 正在注册全局类…… (23 steps)
[   0% ] update_scripts_classes | HCMonsterPathScheduler
[   4% ] update_scripts_classes | HCMonsterPathSearch
[   8% ] update_scripts_classes | HCMonsterMeleePolicy
[  12% ] update_scripts_classes | EnemyActor
[  16% ] update_scripts_classes | 
[  20% ] update_scripts_classes | 
[  25% ] update_scripts_classes | 
[  29% ] update_scripts_classes | 
[  33% ] update_scripts_classes | 
[  37% ] update_scripts_classes | 
[  41% ] update_scripts_classes | 
[  45% ] update_scripts_classes | 
[  50% ] update_scripts_classes | 
[  54% ] update_scripts_classes | 
[  58% ] update_scripts_classes | 
[  62% ] update_scripts_classes | 
[  66% ] update_scripts_classes | 
[  70% ] update_scripts_classes | 
[  75% ] update_scripts_classes | 
[  79% ] update_scripts_classes | 
[  83% ] update_scripts_classes | 
[  87% ] update_scripts_classes | 
[  91% ] update_scripts_classes | 
[ DONE ] update_scripts_classes

[   0% ] _update_scan_actions | Started 正在扫描动作…… (34 steps)
[   0% ] _update_scan_actions | 12_wizard_line_contract_results.csv
[   2% ] _update_scan_actions | 02_ground_effect_inventory.csv
[   5% ] _update_scan_actions | 13_hit_parity_results.csv
[   8% ] _update_scan_actions | 14_tick_parity_results.csv
[  11% ] _update_scan_actions | 16_lifecycle_results.csv
[  14% ] _update_scan_actions | 02_fire_wall_ownership_inventory.csv
[  17% ] _update_scan_actions | 13_hit_parity_results.csv
[  20% ] _update_scan_actions | 14_tick_claim_parity_results.csv
[  22% ] _update_scan_actions | 16_visual_cell_purity_results.csv
[  25% ] _update_scan_actions | 17_lifecycle_results.csv
[  28% ] _update_scan_actions | 02_monster_visual_inventory.csv
[  31% ] _update_scan_actions | 13_visual_parity_results.csv
[  34% ] _update_scan_actions | 14_resource_request_results.csv
[  37% ] _update_scan_actions | 15_lifecycle_results.csv
[  40% ] _update_scan_actions | 02_skill_entry_inventory.csv
[  42% ] _update_scan_actions | 03_ownership_matrix_before.csv
[  45% ] _update_scan_actions | 04_duplicate_planning_inventory.csv
[  48% ] _update_scan_actions | 14_plan_parity_results.csv
[  51% ] _update_scan_actions | 15_side_effect_results.csv
[  54% ] _update_scan_actions | 17_remaining_legacy_entries.csv
[  57% ] _update_scan_actions | 02_legacy_entry_inventory.csv
[  60% ] _update_scan_actions | 03_side_effect_order_before.csv
[  62% ] _update_scan_actions | 12_profession_parity_results.csv
[  65% ] _update_scan_actions | 13_side_effect_order_results.csv
[  68% ] _update_scan_actions | 14_plan_propagation_results.csv
[  71% ] _update_scan_actions | 16_remaining_legacy_api.csv
[  74% ] _update_scan_actions | 01_legacy_api_inventory_before.csv
[  77% ] _update_scan_actions | 03_test_dependency_inventory.csv
[  80% ] _update_scan_actions | 04_dead_code_inventory.csv
[  82% ] _update_scan_actions | 14_golden_parity_results.csv
[  85% ] _update_scan_actions | 16_deleted_api_manifest.csv
[  88% ] _update_scan_actions | P1_REQUIRED_MISSING_RESOURCES.csv
[  91% ] _update_scan_actions | monster_delivery_inventory.csv
[  94% ] _update_scan_actions | fallback_categories.csv
[ DONE ] _update_scan_actions

[   0% ] reimport | Started 正在导入或重新导入资产 (1 steps)
[   0% ] reimport | 正在准备重新导入文件……
[   0% ] reimport | 正在执行重新导入的前置操作……
[   0% ] reimport | monster_delivery_inventory.csv
WARNING: Locale 'area' does not contain any translation. This locale will be ignored.
   at: import (editor/import/resource_importer_csv_translation.cpp:239)
[  50% ] reimport | 正在结束资产导入……
[ DONE ] reimport

[   0% ] reimport | Started 正在导入或重新导入资产 (1 steps)
[   0% ] reimport | 正在执行重新导入的后置操作……
[ DONE ] reimport

[   0% ] loading_editor_layout | Started 正在加载编辑器 (5 steps)
[   0% ] loading_editor_layout | 正在加载编辑器布局……
[  16% ] loading_editor_layout | 正在加载停靠面板……
[ DONE ] loading_editor_layout

