{"authorized": false, "error": "[Errno 2] No such file or directory: 'C:\\\\Users\\\\ADMINI~1\\\\AppData\\\\Local\\\\Temp\\\\tmphmh5lqqn\\\\missing.json'"}
{
  "authorized": true,
  "lane": "item_categories",
  "selected": "hardcore.identity.categories",
  "tier": "primary",
  "weight": 100,
  "fallbackUsed": false,
  "higherPriorityRejected": []
}
{
  "authorized": true,
  "lane": "framework_fixture_items",
  "selected": "hardcore.framework.fixture",
  "tier": "primary",
  "weight": 100,
  "fallbackUsed": false,
  "higherPriorityRejected": []
}
{
  "git_source_sha": "60f8dda1127bbb6ad26f201a4398f0e951df4cad5bfcbed0fb0ee9c6718f9d11",
  "git_commit": "684824ac7bb59ac903054b26b3435441b8a2f152",
  "primary_without_catalog_exit": 2,
  "old_main_first_output_exit": 0,
  "old_main_second_different_output_exit": 0,
  "first_output_sha": "7ce96ed799a6f03dd42a9b3dac54c71cd4e333c4841792e3c9a55ba7f5b5421f",
  "second_output_sha": "4f6acf9f9e44b488f3eb59c17203e480211ffe74e3ae8a0fe01a6d1dad60ec0b",
  "overwrite_changed_bytes": true,
  "old_source_evidence": "outputs\\wake_drop_v108_review_followup_20261009\\b07a_guard_output_catalog\\source_priority_guard_684.py"
}
