[PASS] t6_real_load_probe
RUNNER_RESULTS_JSON=C:\Users\Administrator\Documents\HardCore\docs\monster_combat_r4\sol_takeover\evidence\native_t6_large_pets30_frame_1b74_20260928_0614\large_pets-30-AA-1-BASE\runner\runner_results_adhoc_20260928_061456_571_21796.json
TEST_SUMMARY suite=adhoc passed=1 failed=0 engine_log_errors=0
T6_SAMPLE_COMPLETE large_pets-30-AA-1-BASE
[PASS] t6_real_load_probe
RUNNER_RESULTS_JSON=C:\Users\Administrator\Documents\HardCore\docs\monster_combat_r4\sol_takeover\evidence\native_t6_large_pets30_frame_1b74_20260928_0614\large_pets-30-AA-2-BASE\runner\runner_results_adhoc_20260928_061520_819_21796.json
TEST_SUMMARY suite=adhoc passed=1 failed=0 engine_log_errors=0
T6_SAMPLE_COMPLETE large_pets-30-AA-2-BASE
[PASS] t6_real_load_probe
RUNNER_RESULTS_JSON=C:\Users\Administrator\Documents\HardCore\docs\monster_combat_r4\sol_takeover\evidence\native_t6_large_pets30_frame_1b74_20260928_0614\large_pets-30-AB-1-BASE\runner\runner_results_adhoc_20260928_061544_771_21796.json
TEST_SUMMARY suite=adhoc passed=1 failed=0 engine_log_errors=0
T6_SAMPLE_COMPLETE large_pets-30-AB-1-BASE
[PASS] t6_real_load_probe
RUNNER_RESULTS_JSON=C:\Users\Administrator\Documents\HardCore\docs\monster_combat_r4\sol_takeover\evidence\native_t6_large_pets30_frame_1b74_20260928_0614\large_pets-30-AB-1-CAND\runner\runner_results_adhoc_20260928_061608_655_21796.json
TEST_SUMMARY suite=adhoc passed=1 failed=0 engine_log_errors=0
T6_SAMPLE_COMPLETE large_pets-30-AB-1-CAND
[PASS] t6_real_load_probe
RUNNER_RESULTS_JSON=C:\Users\Administrator\Documents\HardCore\docs\monster_combat_r4\sol_takeover\evidence\native_t6_large_pets30_frame_1b74_20260928_0614\large_pets-30-AB-2-CAND\runner\runner_results_adhoc_20260928_061632_679_21796.json
TEST_SUMMARY suite=adhoc passed=1 failed=0 engine_log_errors=0
T6_SAMPLE_COMPLETE large_pets-30-AB-2-CAND
[PASS] t6_real_load_probe
RUNNER_RESULTS_JSON=C:\Users\Administrator\Documents\HardCore\docs\monster_combat_r4\sol_takeover\evidence\native_t6_large_pets30_frame_1b74_20260928_0614\large_pets-30-AB-2-BASE\runner\runner_results_adhoc_20260928_061656_646_21796.json
TEST_SUMMARY suite=adhoc passed=1 failed=0 engine_log_errors=0
T6_SAMPLE_COMPLETE large_pets-30-AB-2-BASE
[PASS] t6_real_load_probe
RUNNER_RESULTS_JSON=C:\Users\Administrator\Documents\HardCore\docs\monster_combat_r4\sol_takeover\evidence\native_t6_large_pets30_frame_1b74_20260928_0614\large_pets-30-AB-3-BASE\runner\runner_results_adhoc_20260928_061720_620_21796.json
TEST_SUMMARY suite=adhoc passed=1 failed=0 engine_log_errors=0
T6_SAMPLE_COMPLETE large_pets-30-AB-3-BASE
[PASS] t6_real_load_probe
RUNNER_RESULTS_JSON=C:\Users\Administrator\Documents\HardCore\docs\monster_combat_r4\sol_takeover\evidence\native_t6_large_pets30_frame_1b74_20260928_0614\large_pets-30-AB-3-CAND\runner\runner_results_adhoc_20260928_061744_452_21796.json
TEST_SUMMARY suite=adhoc passed=1 failed=0 engine_log_errors=0
T6_SAMPLE_COMPLETE large_pets-30-AB-3-CAND
T6_PAIR_MATRIX_COMPLETE runs=8
