[PASS] native_physics_sampling_test
[FAIL] f03_warehouse_receipt_boundary_test - process_did_not_exit;early_script_error;non_zero_exit_code_-1;stderr_failures_4;engine_log_failures_4
Godot Engine v4.7.stable.official.5b4e0cb0f - https://godotengine.org

数据库载入完成：地图209 怪物156 Boss20 装备175 技能等级132 掉落槽3424 任务9
F03_WAREHOUSE_RECEIPT_BOUNDARY_PASS
SCRIPT ERROR: Invalid call. Nonexistent function 'get_item_by_id' in base 'Node (game_data.gd)'.
   at: _case (res://tests/f03_warehouse_receipt_boundary_test.gd:42)
   GDScript backtrace (most recent call first):
       [0] _case (res://tests/f03_warehouse_receipt_boundary_test.gd:42)
       [1] _run (res://tests/f03_warehouse_receipt_boundary_test.gd:20)
SCRIPT ERROR: Invalid call. Nonexistent function 'get_item_by_id' in base 'Node (game_data.gd)'.
   at: _case (res://tests/f03_warehouse_receipt_boundary_test.gd:42)
   GDScript backtrace (most recent call first):
       [0] _case (res://tests/f03_warehouse_receipt_boundary_test.gd:42)
       [1] _run (res://tests/f03_warehouse_receipt_boundary_test.gd:20)
SCRIPT ERROR: Invalid call. Nonexistent function 'get_item_by_id' in base 'Node (game_data.gd)'.
   at: _case (res://tests/f03_warehouse_receipt_boundary_test.gd:42)
   GDScript backtrace (most recent call first):
       [0] _case (res://tests/f03_warehouse_receipt_boundary_test.gd:42)
       [1] _run (res://tests/f03_warehouse_receipt_boundary_test.gd:20)
SCRIPT ERROR: Invalid call. Nonexistent function 'get_item_by_id' in base 'Node (game_data.gd)'.
   at: _case (res://tests/f03_warehouse_receipt_boundary_test.gd:42)
   GDScript backtrace (most recent call first):
       [0] _case (res://tests/f03_warehouse_receipt_boundary_test.gd:42)
       [1] _run (res://tests/f03_warehouse_receipt_boundary_test.gd:20)
RUNNER_RESULTS_JSON=C:\Users\Administrator\Documents\HardCore\docs\monster_combat_r4\sol_takeover\evidence\scoped_sampler_warehouse_red_55f_20260928_0548\runner\runner_results_adhoc_20260928_054814_378_7944.json
TEST_SUMMARY suite=adhoc passed=1 failed=1 engine_log_errors=4
FAILED_TESTS=f03_warehouse_receipt_boundary_test (process_did_not_exit;early_script_error;non_zero_exit_code_-1;stderr_failures_4;engine_log_failures_4)
