Godot Engine v4.7.stable.official.5b4e0cb0f - https://godotengine.org

[   0% ] first_scan_filesystem | Started 项目初始化 (5 steps)
[   0% ] first_scan_filesystem | 正在扫描文件结构……
[  16% ] first_scan_filesystem | 正在加载全局类名……
[  33% ] first_scan_filesystem | 正在校验 GDExtension……
[  50% ] first_scan_filesystem | 正在创建自动加载脚本……
[  66% ] first_scan_filesystem | 正在初始化插件……
[  83% ] first_scan_filesystem | 正在启动文件扫描……
[ DONE ] first_scan_filesystem

WARNING: Missing .uid file for path "res://scripts/damage_ledger_observer.gd". The file was re-created from cache.
   at: _process_file_system (editor/file_system/editor_file_system.cpp:1391)
WARNING: Missing .uid file for path "res://scripts/json_persistence_job.gd". The file was re-created from cache.
   at: _process_file_system (editor/file_system/editor_file_system.cpp:1391)
WARNING: Missing .uid file for path "res://scripts/json_persistence_service.gd". The file was re-created from cache.
   at: _process_file_system (editor/file_system/editor_file_system.cpp:1391)
WARNING: Missing .uid file for path "res://scripts/json_prepared_request.gd". The file was re-created from cache.
   at: _process_file_system (editor/file_system/editor_file_system.cpp:1391)
WARNING: Missing .uid file for path "res://scripts/monster_attack_timing.gd". The file was re-created from cache.
   at: _process_file_system (editor/file_system/editor_file_system.cpp:1391)
WARNING: Missing .uid file for path "res://scripts/world_clock_delta.gd". The file was re-created from cache.
   at: _process_file_system (editor/file_system/editor_file_system.cpp:1391)
WARNING: Missing .uid file for path "res://tests/hc_monster_combat_r1/monster_crowd_scale_performance_probe_test.gd". The file was re-created from cache.
   at: _process_file_system (editor/file_system/editor_file_system.cpp:1391)
WARNING: Missing .uid file for path "res://tests/hc_monster_combat_r2/attack_clock_red_test.gd". The file was re-created from cache.
   at: _process_file_system (editor/file_system/editor_file_system.cpp:1391)
WARNING: Missing .uid file for path "res://tests/hc_monster_combat_r2/attack_presentation_identity_test.gd". The file was re-created from cache.
   at: _process_file_system (editor/file_system/editor_file_system.cpp:1391)
WARNING: Missing .uid file for path "res://tests/hc_monster_combat_r2/body_pair_eight_direction_test.gd". The file was re-created from cache.
   at: _process_file_system (editor/file_system/editor_file_system.cpp:1391)
WARNING: Missing .uid file for path "res://tests/hc_monster_combat_r2/direct_magic_step_chain_test.gd". The file was re-created from cache.
   at: _process_file_system (editor/file_system/editor_file_system.cpp:1391)
WARNING: Missing .uid file for path "res://tests/hc_monster_combat_r2/large_body_swing_cadence_test.gd". The file was re-created from cache.
   at: _process_file_system (editor/file_system/editor_file_system.cpp:1391)
WARNING: Missing .uid file for path "res://tests/hc_monster_combat_r2/monster_body_rejection_test.gd". The file was re-created from cache.
   at: _process_file_system (editor/file_system/editor_file_system.cpp:1391)
WARNING: Missing .uid file for path "res://tests/hc_monster_combat_r2/monster_runtime_census_test.gd". The file was re-created from cache.
   at: _process_file_system (editor/file_system/editor_file_system.cpp:1391)
WARNING: Missing .uid file for path "res://tests/hc_monster_combat_r2/paired_perf_probe_test.gd". The file was re-created from cache.
   at: _process_file_system (editor/file_system/editor_file_system.cpp:1391)
WARNING: Missing .uid file for path "res://tests/hc_monster_combat_r2/player_struck_poison_chain_test.gd". The file was re-created from cache.
   at: _process_file_system (editor/file_system/editor_file_system.cpp:1391)
WARNING: Missing .uid file for path "res://tests/hc_monster_combat_r2/revival_durability_test.gd". The file was re-created from cache.
   at: _process_file_system (editor/file_system/editor_file_system.cpp:1391)
WARNING: Missing .uid file for path "res://tests/hc_monster_combat_r2/runtime_census_deep_test.gd". The file was re-created from cache.
   at: _process_file_system (editor/file_system/editor_file_system.cpp:1391)
WARNING: Missing .uid file for path "res://tests/hc_monster_combat_r3/attack_facing_freeze_test.gd". The file was re-created from cache.
   at: _process_file_system (editor/file_system/editor_file_system.cpp:1391)
WARNING: Missing .uid file for path "res://tests/hc_monster_combat_r3/attack_game_clock_test.gd". The file was re-created from cache.
   at: _process_file_system (editor/file_system/editor_file_system.cpp:1391)
WARNING: Missing .uid file for path "res://tests/hc_monster_combat_r3/attack_parent_release_identity_test.gd". The file was re-created from cache.
   at: _process_file_system (editor/file_system/editor_file_system.cpp:1391)
WARNING: Missing .uid file for path "res://tests/hc_monster_combat_r3/audio_stale_frame_test.gd". The file was re-created from cache.
   at: _process_file_system (editor/file_system/editor_file_system.cpp:1391)
WARNING: Missing .uid file for path "res://tests/hc_monster_combat_r3/body_rejection_world_isolation_test.gd". The file was re-created from cache.
   at: _process_file_system (editor/file_system/editor_file_system.cpp:1391)
WARNING: Missing .uid file for path "res://tests/hc_monster_combat_r3/body_rule_tier_cross_test.gd". The file was re-created from cache.
   at: _process_file_system (editor/file_system/editor_file_system.cpp:1391)
WARNING: Missing .uid file for path "res://tests/hc_monster_combat_r3/paired_load_realism_test.gd". The file was re-created from cache.
   at: _process_file_system (editor/file_system/editor_file_system.cpp:1391)
WARNING: Missing .uid file for path "res://tests/hc_monster_combat_r3/real_admission_census_test.gd". The file was re-created from cache.
   at: _process_file_system (editor/file_system/editor_file_system.cpp:1391)
WARNING: Missing .uid file for path "res://tests/hc_monster_combat_r3/stale_death_notification_test.gd". The file was re-created from cache.
   at: _process_file_system (editor/file_system/editor_file_system.cpp:1391)
WARNING: Missing .uid file for path "res://tests/hc_monster_combat_r4/all_damage_lost_test.gd". The file was re-created from cache.
   at: _process_file_system (editor/file_system/editor_file_system.cpp:1391)
WARNING: Missing .uid file for path "res://tests/hc_monster_combat_r4/async_line_lifecycle_test.gd". The file was re-created from cache.
   at: _process_file_system (editor/file_system/editor_file_system.cpp:1391)
WARNING: Missing .uid file for path "res://tests/hc_monster_combat_r4/attack_expiry_without_render_test.gd". The file was re-created from cache.
   at: _process_file_system (editor/file_system/editor_file_system.cpp:1391)
WARNING: Missing .uid file for path "res://tests/hc_monster_combat_r4/attack_owner_idempotence_test.gd". The file was re-created from cache.
   at: _process_file_system (editor/file_system/editor_file_system.cpp:1391)
WARNING: Missing .uid file for path "res://tests/hc_monster_combat_r4/body_multitarget_lifecycle_test.gd". The file was re-created from cache.
   at: _process_file_system (editor/file_system/editor_file_system.cpp:1391)
WARNING: Missing .uid file for path "res://tests/hc_monster_combat_r4/body_radius_bucket_boundary_test.gd". The file was re-created from cache.
   at: _process_file_system (editor/file_system/editor_file_system.cpp:1391)
WARNING: Missing .uid file for path "res://tests/hc_monster_combat_r4/body_radius_index_consistency_test.gd". The file was re-created from cache.
   at: _process_file_system (editor/file_system/editor_file_system.cpp:1391)
WARNING: Missing .uid file for path "res://tests/hc_monster_combat_r4/body_rejected_factory_isolation_test.gd". The file was re-created from cache.
   at: _process_file_system (editor/file_system/editor_file_system.cpp:1391)
WARNING: Missing .uid file for path "res://tests/hc_monster_combat_r4/cancelled_release_observation_test.gd". The file was re-created from cache.
   at: _process_file_system (editor/file_system/editor_file_system.cpp:1391)
WARNING: Missing .uid file for path "res://tests/hc_monster_combat_r4/d3_boundary_runtime_test.gd". The file was re-created from cache.
   at: _process_file_system (editor/file_system/editor_file_system.cpp:1391)
WARNING: Missing .uid file for path "res://tests/hc_monster_combat_r4/d3_motion_pressure_runtime_test.gd". The file was re-created from cache.
   at: _process_file_system (editor/file_system/editor_file_system.cpp:1391)
WARNING: Missing .uid file for path "res://tests/hc_monster_combat_r4/damage_attribution_counterexamples_test.gd". The file was re-created from cache.
   at: _process_file_system (editor/file_system/editor_file_system.cpp:1391)
WARNING: Missing .uid file for path "res://tests/hc_monster_combat_r4/damage_attribution_verifier.gd". The file was re-created from cache.
   at: _process_file_system (editor/file_system/editor_file_system.cpp:1391)
WARNING: Missing .uid file for path "res://tests/hc_monster_combat_r4/damage_write_fault_fixture.gd". The file was re-created from cache.
   at: _process_file_system (editor/file_system/editor_file_system.cpp:1391)
WARNING: Missing .uid file for path "res://tests/hc_monster_combat_r4/double_generation_death_test.gd". The file was re-created from cache.
   at: _process_file_system (editor/file_system/editor_file_system.cpp:1391)
WARNING: Missing .uid file for path "res://tests/hc_monster_combat_r4/explicit_zero_attack_timing_test.gd". The file was re-created from cache.
   at: _process_file_system (editor/file_system/editor_file_system.cpp:1391)
WARNING: Missing .uid file for path "res://tests/hc_monster_combat_r4/mp_payment_observation_test.gd". The file was re-created from cache.
   at: _process_file_system (editor/file_system/editor_file_system.cpp:1391)
WARNING: Missing .uid file for path "res://tests/hc_monster_combat_r4/natural_cadence_24_chase_test.gd". The file was re-created from cache.
   at: _process_file_system (editor/file_system/editor_file_system.cpp:1391)
WARNING: Missing .uid file for path "res://tests/hc_monster_combat_r4/natural_cadence_24_test.gd". The file was re-created from cache.
   at: _process_file_system (editor/file_system/editor_file_system.cpp:1391)
WARNING: Missing .uid file for path "res://tests/hc_monster_combat_r4/natural_cadence_76_test.gd". The file was re-created from cache.
   at: _process_file_system (editor/file_system/editor_file_system.cpp:1391)
WARNING: Missing .uid file for path "res://tests/hc_monster_combat_r4/natural_cadence_238_test.gd". The file was re-created from cache.
   at: _process_file_system (editor/file_system/editor_file_system.cpp:1391)
WARNING: Missing .uid file for path "res://tests/hc_monster_combat_r4/natural_cadence_239_test.gd". The file was re-created from cache.
   at: _process_file_system (editor/file_system/editor_file_system.cpp:1391)
WARNING: Missing .uid file for path "res://tests/hc_monster_combat_r4/natural_cadence_base.gd". The file was re-created from cache.
   at: _process_file_system (editor/file_system/editor_file_system.cpp:1391)
WARNING: Missing .uid file for path "res://tests/hc_monster_combat_r4/natural_cadence_fault_variants_test.gd". The file was re-created from cache.
   at: _process_file_system (editor/file_system/editor_file_system.cpp:1391)
WARNING: Missing .uid file for path "res://tests/hc_monster_combat_r4/natural_cadence_test.gd". The file was re-created from cache.
   at: _process_file_system (editor/file_system/editor_file_system.cpp:1391)
WARNING: Missing .uid file for path "res://tests/hc_monster_combat_r4/observer_integrity_test.gd". The file was re-created from cache.
   at: _process_file_system (editor/file_system/editor_file_system.cpp:1391)
WARNING: Missing .uid file for path "res://tests/hc_monster_combat_r4/perf_unit_determinism_test.gd". The file was re-created from cache.
   at: _process_file_system (editor/file_system/editor_file_system.cpp:1391)
WARNING: Missing .uid file for path "res://tests/hc_monster_combat_r4/r3_common_natural_probe.gd". The file was re-created from cache.
   at: _process_file_system (editor/file_system/editor_file_system.cpp:1391)
WARNING: Missing .uid file for path "res://tests/hc_monster_combat_r4/runtime_capability_inventory_test.gd". The file was re-created from cache.
   at: _process_file_system (editor/file_system/editor_file_system.cpp:1391)
WARNING: Missing .uid file for path "res://tests/hc_monster_combat_r4/source_destroyed_pending_test.gd". The file was re-created from cache.
   at: _process_file_system (editor/file_system/editor_file_system.cpp:1391)
WARNING: Missing .uid file for path "res://tests/hc_monster_combat_r4/summon_planner_radius_test.gd". The file was re-created from cache.
   at: _process_file_system (editor/file_system/editor_file_system.cpp:1391)
WARNING: Missing .uid file for path "res://tests/hc_monster_combat_r4/synchronous_revive_death_token_test.gd". The file was re-created from cache.
   at: _process_file_system (editor/file_system/editor_file_system.cpp:1391)
WARNING: Missing .uid file for path "res://tests/f03_async_death_receipt_test.gd". The file was re-created from cache.
   at: _process_file_system (editor/file_system/editor_file_system.cpp:1391)
WARNING: Missing .uid file for path "res://tests/f03_background_writer_test.gd". The file was re-created from cache.
   at: _process_file_system (editor/file_system/editor_file_system.cpp:1391)
WARNING: Missing .uid file for path "res://tests/f03_hot_persistence_test.gd". The file was re-created from cache.
   at: _process_file_system (editor/file_system/editor_file_system.cpp:1391)
WARNING: Missing .uid file for path "res://tests/f03_native_death_lifecycle_test.gd". The file was re-created from cache.
   at: _process_file_system (editor/file_system/editor_file_system.cpp:1391)
WARNING: Missing .uid file for path "res://tests/f03_native_pickup_lifecycle_test.gd". The file was re-created from cache.
   at: _process_file_system (editor/file_system/editor_file_system.cpp:1391)
WARNING: Missing .uid file for path "res://tests/f03_ordered_cleanup_test.gd". The file was re-created from cache.
   at: _process_file_system (editor/file_system/editor_file_system.cpp:1391)
WARNING: Missing .uid file for path "res://tests/f03_periodic_background_save_test.gd". The file was re-created from cache.
   at: _process_file_system (editor/file_system/editor_file_system.cpp:1391)
WARNING: Missing .uid file for path "res://tests/f03_pickup_receipt_lifecycle_test.gd". The file was re-created from cache.
   at: _process_file_system (editor/file_system/editor_file_system.cpp:1391)
WARNING: Missing .uid file for path "res://tests/f03_world_delta_compatibility_test.gd". The file was re-created from cache.
   at: _process_file_system (editor/file_system/editor_file_system.cpp:1391)
WARNING: Missing .uid file for path "res://tests/f05_settlement_display_separation_test.gd". The file was re-created from cache.
   at: _process_file_system (editor/file_system/editor_file_system.cpp:1391)
WARNING: Missing .uid file for path "res://tests/laser_chest_translation_test.gd". The file was re-created from cache.
   at: _process_file_system (editor/file_system/editor_file_system.cpp:1391)
WARNING: Missing .uid file for path "res://tests/portal_actual_arrival_guard_test.gd". The file was re-created from cache.
   at: _process_file_system (editor/file_system/editor_file_system.cpp:1391)
[   0% ] update_scripts_classes | Started 正在注册全局类…… (12 steps)
[   0% ] update_scripts_classes | EnemyActor
[   7% ] update_scripts_classes | MonsterDisplayFormatter
[  15% ] update_scripts_classes | 
[  23% ] update_scripts_classes | 
[  30% ] update_scripts_classes | 
[  38% ] update_scripts_classes | 
[  46% ] update_scripts_classes | 
[  53% ] update_scripts_classes | 
[  61% ] update_scripts_classes | 
[  69% ] update_scripts_classes | 
[  76% ] update_scripts_classes | 
[  84% ] update_scripts_classes | 
[ DONE ] update_scripts_classes

[   0% ] loading_editor_layout | Started 正在加载编辑器 (5 steps)
[   0% ] loading_editor_layout | 正在加载编辑器布局……
[  16% ] loading_editor_layout | 正在加载停靠面板……
[ DONE ] loading_editor_layout

